// Jest Snapshot v1, https://goo.gl/fbAQLP

exports[`UI - ErrorMsg: 1`] = `
.c0 {
  width: 100%;
  max-width: 800px;
  padding: 10px;
  margin: 0 auto;
  text-align: center;
  background: red;
  color: white;
  box-shadow: 0 1px 3px rgba(0,0,0,0.12),0 1px 2px rgba(0,0,0,0.24);
  border-radius: 5px;
}

<p
  className="c0"
/>
`;
